I'm sorry, but errors were detected in your script. Please correct the
errors listed below, and try again.


File "game/scripts/scenes/park_scene.rpy", line 82: choice menuitem expects a non-empty block.
    "Start walking around the park":
                                    ^

Ren'Py Version: Ren'Py 7.4.1.1270
Thu Feb  4 19:56:48 2021
